2026-02-13 22:59:40 [    INFO] [conftest.py:49] 📂 Loading test data from: C:\Users\hagai\ness_automation_project\data\search_data.json
2026-02-13 22:59:40 [    INFO] [conftest.py:54] ✅ Test data loaded: 3 scenarios
2026-02-13 22:59:40 [    INFO] [conftest.py:65] 🌐 Base URL: https://automationexercise.com
2026-02-13 22:59:40 [    INFO] [conftest.py:82] 
================================================================================
2026-02-13 22:59:40 [    INFO] [conftest.py:83] 🚀 Starting Browser Session
2026-02-13 22:59:40 [    INFO] [conftest.py:84] ================================================================================
2026-02-13 22:59:40 [   DEBUG] [proactor_events.py:633] Using proactor: IocpProactor
2026-02-13 22:59:42 [    INFO] [conftest.py:108] ✅ Browser launched successfully (MAXIMIZED)
2026-02-13 22:59:42 [    INFO] [test_login.py:28] 
############################################################
2026-02-13 22:59:42 [    INFO] [test_login.py:29] 🔐 TEST: Successful Login
2026-02-13 22:59:42 [    INFO] [test_login.py:30] ############################################################
2026-02-13 22:59:42 [    INFO] [base_page.py:86] 🌐 Navigating to: https://automationexercise.com
2026-02-13 22:59:47 [    INFO] [home_page.py:40] 🏠 Navigated to Home Page
2026-02-13 22:59:47 [    INFO] [home_page.py:53] 🔐 Clicking Login link
2026-02-13 22:59:47 [    INFO] [base_page.py:34] 🔍 Attempt 1/3 - Strategy: css, Value: a[href="/login"]
2026-02-13 22:59:47 [    INFO] [base_page.py:50] ✅ Success with locator 1: css=a[href="/login"]
2026-02-13 22:59:47 [    INFO] [base_page.py:66] 🖱️ Clicked element successfully
2026-02-13 22:59:47 [    INFO] [login_page.py:68] 🔐 Attempting login with email: hagai.tregerman@gmail.com
2026-02-13 22:59:47 [    INFO] [login_page.py:71] 📧 Entering email...
2026-02-13 22:59:47 [    INFO] [base_page.py:34] 🔍 Attempt 1/3 - Strategy: css, Value: input[data-qa="login-email"]
2026-02-13 22:59:47 [    INFO] [base_page.py:50] ✅ Success with locator 1: css=input[data-qa="login-email"]
2026-02-13 22:59:48 [    INFO] [base_page.py:73] ⌨️ Typed text: 'hagai.tregerman@gmail.com'
2026-02-13 22:59:48 [    INFO] [login_page.py:75] 🔒 Entering password...
2026-02-13 22:59:48 [    INFO] [base_page.py:34] 🔍 Attempt 1/3 - Strategy: css, Value: input[data-qa="login-password"]
2026-02-13 22:59:48 [    INFO] [base_page.py:50] ✅ Success with locator 1: css=input[data-qa="login-password"]
2026-02-13 22:59:48 [    INFO] [base_page.py:73] ⌨️ Typed text: 'KMsuTYNyY@Q5y'
2026-02-13 22:59:48 [    INFO] [login_page.py:81] 📸 Screenshot saved: before_login_1771016388.png
2026-02-13 22:59:48 [    INFO] [login_page.py:84] 🖱️ Clicking Login button...
2026-02-13 22:59:48 [    INFO] [base_page.py:34] 🔍 Attempt 1/3 - Strategy: css, Value: button[data-qa="login-button"]
2026-02-13 22:59:48 [    INFO] [base_page.py:50] ✅ Success with locator 1: css=button[data-qa="login-button"]
2026-02-13 22:59:49 [    INFO] [base_page.py:66] 🖱️ Clicked element successfully
2026-02-13 22:59:51 [    INFO] [base_page.py:34] 🔍 Attempt 1/3 - Strategy: css, Value: a[href="/logout"]
2026-02-13 22:59:51 [    INFO] [base_page.py:50] ✅ Success with locator 1: css=a[href="/logout"]
2026-02-13 22:59:51 [    INFO] [login_page.py:126] ✅ User is logged in (Logout link visible)
2026-02-13 22:59:51 [    INFO] [login_page.py:92] ✅ Login successful!
2026-02-13 22:59:52 [    INFO] [login_page.py:96] 📸 Screenshot saved: after_login_1771016388.png
2026-02-13 22:59:52 [    INFO] [base_page.py:34] 🔍 Attempt 1/3 - Strategy: css, Value: a[href="/logout"]
2026-02-13 22:59:52 [    INFO] [base_page.py:50] ✅ Success with locator 1: css=a[href="/logout"]
2026-02-13 22:59:52 [    INFO] [login_page.py:126] ✅ User is logged in (Logout link visible)
2026-02-13 22:59:52 [    INFO] [test_login.py:49] ✅ TEST PASSED: User logged in successfully
2026-02-13 22:59:52 [    INFO] [test_login.py:50] ############################################################

2026-02-13 22:59:52 [    INFO] [conftest.py:113] 
================================================================================
2026-02-13 22:59:52 [    INFO] [conftest.py:114] 🛑 Closing Browser Session
2026-02-13 22:59:52 [    INFO] [conftest.py:115] ================================================================================
2026-02-13 22:59:52 [    INFO] [conftest.py:122] ✅ Browser closed successfully
2026-02-13 22:59:52 [    INFO] [conftest.py:82] 
================================================================================
2026-02-13 22:59:52 [    INFO] [conftest.py:83] 🚀 Starting Browser Session
2026-02-13 22:59:52 [    INFO] [conftest.py:84] ================================================================================
2026-02-13 22:59:52 [   DEBUG] [proactor_events.py:633] Using proactor: IocpProactor
2026-02-13 22:59:54 [    INFO] [conftest.py:108] ✅ Browser launched successfully (MAXIMIZED)
2026-02-13 22:59:54 [    INFO] [test_login.py:59] 
############################################################
2026-02-13 22:59:54 [    INFO] [test_login.py:60] 🔐 TEST: Login with Invalid Credentials
2026-02-13 22:59:54 [    INFO] [test_login.py:61] ############################################################
2026-02-13 22:59:54 [    INFO] [login_page.py:52] 🔐 Navigating to Login page
2026-02-13 22:59:54 [    INFO] [base_page.py:86] 🌐 Navigating to: https://automationexercise.com/login
2026-02-13 22:59:57 [    INFO] [login_page.py:68] 🔐 Attempting login with email: invalid@test.com
2026-02-13 22:59:57 [    INFO] [login_page.py:71] 📧 Entering email...
2026-02-13 22:59:57 [    INFO] [base_page.py:34] 🔍 Attempt 1/3 - Strategy: css, Value: input[data-qa="login-email"]
2026-02-13 22:59:57 [    INFO] [base_page.py:50] ✅ Success with locator 1: css=input[data-qa="login-email"]
2026-02-13 22:59:58 [    INFO] [base_page.py:73] ⌨️ Typed text: 'invalid@test.com'
2026-02-13 22:59:58 [    INFO] [login_page.py:75] 🔒 Entering password...
2026-02-13 22:59:58 [    INFO] [base_page.py:34] 🔍 Attempt 1/3 - Strategy: css, Value: input[data-qa="login-password"]
2026-02-13 22:59:58 [    INFO] [base_page.py:50] ✅ Success with locator 1: css=input[data-qa="login-password"]
2026-02-13 22:59:58 [    INFO] [base_page.py:73] ⌨️ Typed text: 'wrongpassword'
2026-02-13 22:59:58 [    INFO] [login_page.py:81] 📸 Screenshot saved: before_login_1771016398.png
2026-02-13 22:59:58 [    INFO] [login_page.py:84] 🖱️ Clicking Login button...
2026-02-13 22:59:58 [    INFO] [base_page.py:34] 🔍 Attempt 1/3 - Strategy: css, Value: button[data-qa="login-button"]
2026-02-13 22:59:58 [    INFO] [base_page.py:50] ✅ Success with locator 1: css=button[data-qa="login-button"]
2026-02-13 22:59:59 [    INFO] [base_page.py:66] 🖱️ Clicked element successfully
2026-02-13 23:00:01 [    INFO] [base_page.py:34] 🔍 Attempt 1/3 - Strategy: css, Value: a[href="/logout"]
2026-02-13 23:00:04 [ WARNING] [base_page.py:54] ❌ Locator 1 failed: Locator.wait_for: Timeout 3000ms exceeded.
Call log:
  - waiting for locator("a[href=\"/logout\"]") to be visible

2026-02-13 23:00:04 [    INFO] [base_page.py:34] 🔍 Attempt 2/3 - Strategy: xpath, Value: //a[contains(text(), "Logout")]
2026-02-13 23:00:07 [ WARNING] [base_page.py:54] ❌ Locator 2 failed: Locator.wait_for: Timeout 3000ms exceeded.
Call log:
  - waiting for locator("//a[contains(text(), \"Logout\")]") to be visible

2026-02-13 23:00:07 [    INFO] [base_page.py:34] 🔍 Attempt 3/3 - Strategy: xpath, Value: //li/a[@href="/logout"]
2026-02-13 23:00:10 [ WARNING] [base_page.py:54] ❌ Locator 3 failed: Locator.wait_for: Timeout 3000ms exceeded.
Call log:
  - waiting for locator("//li/a[@href=\"/logout\"]") to be visible

2026-02-13 23:00:10 [   ERROR] [base_page.py:56] 🚫 All 3 locators failed!
2026-02-13 23:00:10 [    INFO] [login_page.py:129] ❌ User is not logged in (Logout link not found)
2026-02-13 23:00:10 [    INFO] [base_page.py:34] 🔍 Attempt 1/3 - Strategy: css, Value: p[style*="color: red"]
2026-02-13 23:00:10 [    INFO] [base_page.py:50] ✅ Success with locator 1: css=p[style*="color: red"]
2026-02-13 23:00:10 [    INFO] [base_page.py:80] 📝 Retrieved text: 'Your email or password is incorrect!'
2026-02-13 23:00:10 [   ERROR] [login_page.py:103] ❌ Login failed: Your email or password is incorrect!
2026-02-13 23:00:10 [    INFO] [base_page.py:34] 🔍 Attempt 1/3 - Strategy: css, Value: a[href="/logout"]
2026-02-13 23:00:13 [ WARNING] [base_page.py:54] ❌ Locator 1 failed: Locator.wait_for: Timeout 3000ms exceeded.
Call log:
  - waiting for locator("a[href=\"/logout\"]") to be visible

2026-02-13 23:00:13 [    INFO] [base_page.py:34] 🔍 Attempt 2/3 - Strategy: xpath, Value: //a[contains(text(), "Logout")]
2026-02-13 23:00:16 [ WARNING] [base_page.py:54] ❌ Locator 2 failed: Locator.wait_for: Timeout 3000ms exceeded.
Call log:
  - waiting for locator("//a[contains(text(), \"Logout\")]") to be visible

2026-02-13 23:00:16 [    INFO] [base_page.py:34] 🔍 Attempt 3/3 - Strategy: xpath, Value: //li/a[@href="/logout"]
2026-02-13 23:00:19 [ WARNING] [base_page.py:54] ❌ Locator 3 failed: Locator.wait_for: Timeout 3000ms exceeded.
Call log:
  - waiting for locator("//li/a[@href=\"/logout\"]") to be visible

2026-02-13 23:00:19 [   ERROR] [base_page.py:56] 🚫 All 3 locators failed!
2026-02-13 23:00:19 [    INFO] [login_page.py:129] ❌ User is not logged in (Logout link not found)
2026-02-13 23:00:19 [    INFO] [test_login.py:74] ✅ TEST PASSED: Login correctly failed with invalid credentials
2026-02-13 23:00:19 [    INFO] [test_login.py:75] ############################################################

2026-02-13 23:00:19 [    INFO] [conftest.py:113] 
================================================================================
2026-02-13 23:00:19 [    INFO] [conftest.py:114] 🛑 Closing Browser Session
2026-02-13 23:00:19 [    INFO] [conftest.py:115] ================================================================================
2026-02-13 23:00:20 [    INFO] [conftest.py:122] ✅ Browser closed successfully
2026-02-13 23:00:20 [    INFO] [conftest.py:82] 
================================================================================
2026-02-13 23:00:20 [    INFO] [conftest.py:83] 🚀 Starting Browser Session
2026-02-13 23:00:20 [    INFO] [conftest.py:84] ================================================================================
2026-02-13 23:00:20 [   DEBUG] [proactor_events.py:633] Using proactor: IocpProactor
2026-02-13 23:00:22 [    INFO] [conftest.py:108] ✅ Browser launched successfully (MAXIMIZED)
2026-02-13 23:00:22 [    INFO] [test_login.py:84] 
############################################################
2026-02-13 23:00:22 [    INFO] [test_login.py:85] 🚪 TEST: Logout Functionality
2026-02-13 23:00:22 [    INFO] [test_login.py:86] ############################################################
2026-02-13 23:00:22 [    INFO] [login_page.py:52] 🔐 Navigating to Login page
2026-02-13 23:00:22 [    INFO] [base_page.py:86] 🌐 Navigating to: https://automationexercise.com/login
2026-02-13 23:00:26 [    INFO] [login_page.py:68] 🔐 Attempting login with email: hagai.tregerman@gmail.com
2026-02-13 23:00:26 [    INFO] [login_page.py:71] 📧 Entering email...
2026-02-13 23:00:26 [    INFO] [base_page.py:34] 🔍 Attempt 1/3 - Strategy: css, Value: input[data-qa="login-email"]
2026-02-13 23:00:26 [    INFO] [base_page.py:50] ✅ Success with locator 1: css=input[data-qa="login-email"]
2026-02-13 23:00:26 [    INFO] [base_page.py:73] ⌨️ Typed text: 'hagai.tregerman@gmail.com'
2026-02-13 23:00:26 [    INFO] [login_page.py:75] 🔒 Entering password...
2026-02-13 23:00:26 [    INFO] [base_page.py:34] 🔍 Attempt 1/3 - Strategy: css, Value: input[data-qa="login-password"]
2026-02-13 23:00:27 [    INFO] [base_page.py:50] ✅ Success with locator 1: css=input[data-qa="login-password"]
2026-02-13 23:00:27 [    INFO] [base_page.py:73] ⌨️ Typed text: 'KMsuTYNyY@Q5y'
2026-02-13 23:00:27 [    INFO] [login_page.py:81] 📸 Screenshot saved: before_login_1771016427.png
2026-02-13 23:00:27 [    INFO] [login_page.py:84] 🖱️ Clicking Login button...
2026-02-13 23:00:27 [    INFO] [base_page.py:34] 🔍 Attempt 1/3 - Strategy: css, Value: button[data-qa="login-button"]
2026-02-13 23:00:27 [    INFO] [base_page.py:50] ✅ Success with locator 1: css=button[data-qa="login-button"]
2026-02-13 23:00:28 [    INFO] [base_page.py:66] 🖱️ Clicked element successfully
2026-02-13 23:00:30 [    INFO] [base_page.py:34] 🔍 Attempt 1/3 - Strategy: css, Value: a[href="/logout"]
2026-02-13 23:00:30 [    INFO] [base_page.py:50] ✅ Success with locator 1: css=a[href="/logout"]
2026-02-13 23:00:30 [    INFO] [login_page.py:126] ✅ User is logged in (Logout link visible)
2026-02-13 23:00:30 [    INFO] [login_page.py:92] ✅ Login successful!
2026-02-13 23:00:30 [    INFO] [login_page.py:96] 📸 Screenshot saved: after_login_1771016427.png
2026-02-13 23:00:30 [    INFO] [base_page.py:34] 🔍 Attempt 1/3 - Strategy: css, Value: a[href="/logout"]
2026-02-13 23:00:30 [    INFO] [base_page.py:50] ✅ Success with locator 1: css=a[href="/logout"]
2026-02-13 23:00:30 [    INFO] [login_page.py:126] ✅ User is logged in (Logout link visible)
2026-02-13 23:00:30 [    INFO] [login_page.py:136] 🚪 Logging out...
2026-02-13 23:00:30 [    INFO] [base_page.py:34] 🔍 Attempt 1/3 - Strategy: css, Value: a[href="/logout"]
2026-02-13 23:00:31 [    INFO] [base_page.py:50] ✅ Success with locator 1: css=a[href="/logout"]
2026-02-13 23:00:31 [    INFO] [base_page.py:66] 🖱️ Clicked element successfully
2026-02-13 23:00:32 [    INFO] [login_page.py:139] ✅ Logged out successfully
2026-02-13 23:00:32 [    INFO] [base_page.py:34] 🔍 Attempt 1/3 - Strategy: css, Value: a[href="/logout"]
2026-02-13 23:00:35 [ WARNING] [base_page.py:54] ❌ Locator 1 failed: Locator.wait_for: Timeout 3000ms exceeded.
Call log:
  - waiting for locator("a[href=\"/logout\"]") to be visible

2026-02-13 23:00:35 [    INFO] [base_page.py:34] 🔍 Attempt 2/3 - Strategy: xpath, Value: //a[contains(text(), "Logout")]
2026-02-13 23:00:38 [ WARNING] [base_page.py:54] ❌ Locator 2 failed: Locator.wait_for: Timeout 3000ms exceeded.
Call log:
  - waiting for locator("//a[contains(text(), \"Logout\")]") to be visible

2026-02-13 23:00:38 [    INFO] [base_page.py:34] 🔍 Attempt 3/3 - Strategy: xpath, Value: //li/a[@href="/logout"]
2026-02-13 23:00:41 [ WARNING] [base_page.py:54] ❌ Locator 3 failed: Locator.wait_for: Timeout 3000ms exceeded.
Call log:
  - waiting for locator("//li/a[@href=\"/logout\"]") to be visible

2026-02-13 23:00:41 [   ERROR] [base_page.py:56] 🚫 All 3 locators failed!
2026-02-13 23:00:42 [    INFO] [login_page.py:129] ❌ User is not logged in (Logout link not found)
2026-02-13 23:00:42 [    INFO] [test_login.py:103] ✅ TEST PASSED: Logout successful
2026-02-13 23:00:42 [    INFO] [test_login.py:104] ############################################################

2026-02-13 23:00:42 [    INFO] [conftest.py:113] 
================================================================================
2026-02-13 23:00:42 [    INFO] [conftest.py:114] 🛑 Closing Browser Session
2026-02-13 23:00:42 [    INFO] [conftest.py:115] ================================================================================
2026-02-13 23:00:42 [    INFO] [conftest.py:122] ✅ Browser closed successfully
